22 23 21 21 21 21 21 25 21 21 21 32 20 20 20 20 36 44
