15 17 13 17 13 13 13 10 14 14 12 15 15 15 15 15 15 15
