10 10 10 10 10 10 10 10 10 19 9 9 9 9 9 9 9 9 9 10
