31 33 29 33 33 29 29 29 39 29 29 29 29 29 29 25 31
