26 26 26 26 34 24 24 24 34 33 23 30 34 24 50 24 42 26
