31 29 29 29 29 34 28 28 26 48 38 29 29 31 49 31 31
