49 47 49 46 48 46 46 46 46 46 46 68 46 46 46 46 30 55
