54 53 53 53 65 50 50 50 50 50 50 50 50 60 50 50 56 30
