35 37 33 33 33 33 37 33 39 43 33 33 33 53 33 33 33 33 33 27
