51 53 53 51 47 47 47 53 47 56 60 48 48 48 48 60 56 51 51
