19 19 19 25 17 17 17 17 17 16 18 18 18 18 18 18 10 19 19 19
