40 38 38 38 38 48 50 36 36 41 49 37 37 47 39 26 40
