18 20 16 16 16 15 17 17 17 17 17 28 20 40 18 18 18 18
