26 26 26 32 24 24 30 31 25 25 25 47 35 24 24 24 24 22 26 26
