38 36 36 36 36 36 36 43 35 35 35 35 37 51 37 37 37 37 37 20
