22 22 22 22 22 22 22 29 21 21 41 30 18 30 20 20 20 32 22 22
