59 61 57 57 65 55 55 55 55 55 55 65 55 55 55 55 55 22 64 59
